.....ss...s.........sss.........................E...........ssssssssssss [  4%]
sssssssssssssssssssss.............................ssssssssssssssssssssss [  8%]
ssss.......................................s.................ss......... [ 12%]
................................................................sssss... [ 16%]
......ssss......s...sss..ssssssssssssssssssssssss.....s................. [ 21%]
.................sss.s....s.....................................sssssss. [ 25%]
............................sssssssssssssssssssssssssss.s.s..s..s....... [ 29%]
