============================= test session starts =============================
platform win32 -- Python 3.13.5, pytest-9.0.3, pluggy-1.6.0 -- C:\Users\rhu\source\personal\coding-workspace\Parthenon\.venv\Scripts\python.exe
cachedir: .pytest_cache
rootdir: C:\Users\rhu\source\personal\coding-workspace\Parthenon\backend
configfile: pyproject.toml
plugins: anyio-4.13.0, Faker-40.15.0, langsmith-0.8.0, asyncio-1.3.0, cov-7.1.0, respx-0.23.1
asyncio: mode=Mode.AUTO, debug=False, asyncio_default_fixture_loop_scope=None, asyncio_default_test_loop_scope=function
collecting ... collected 1 item

tests/api/v1/test_sops_api.py::test_get_sop_with_real_db_triggers_missing_greenlet FAILED [100%]

================================== FAILURES ===================================
_____________ test_get_sop_with_real_db_triggers_missing_greenlet _____________
tests\api\v1\test_sops_api.py:652: in test_get_sop_with_real_db_triggers_missing_greenlet
    resp = await client.get(f"/api/v1/sops/{sop_id}")
           ^^^^^^^^^^^^^^^^^^^^^^^^^^^^^^^^^^^^^^^^^^
..\.venv\Lib\site-packages\httpx\_client.py:1768: in get
    return await self.request(
..\.venv\Lib\site-packages\httpx\_client.py:1540: in request
    return await self.send(request, auth=auth, follow_redirects=follow_redirects)
           ^^^^^^^^^^^^^^^^^^^^^^^^^^^^^^^^^^^^^^^^^^^^^^^^^^^^^^^^^^^^^^^^^^^^^^
..\.venv\Lib\site-packages\httpx\_client.py:1629: in send
    response = await self._send_handling_auth(
..\.venv\Lib\site-packages\httpx\_client.py:1657: in _send_handling_auth
    response = await self._send_handling_redirects(
..\.venv\Lib\site-packages\httpx\_client.py:1694: in _send_handling_redirects
    response = await self._send_single_request(request)
               ^^^^^^^^^^^^^^^^^^^^^^^^^^^^^^^^^^^^^^^^
..\.venv\Lib\site-packages\httpx\_client.py:1730: in _send_single_request
    response = await transport.handle_async_request(request)
               ^^^^^^^^^^^^^^^^^^^^^^^^^^^^^^^^^^^^^^^^^^^^^
..\.venv\Lib\site-packages\httpx\_transports\asgi.py:170: in handle_async_request
    await self.app(scope, receive, send)
..\.venv\Lib\site-packages\fastapi\applications.py:1159: in __call__
    await super().__call__(scope, receive, send)
..\.venv\Lib\site-packages\starlette\applications.py:90: in __call__
    await self.middleware_stack(scope, receive, send)
..\.venv\Lib\site-packages\starlette\middleware\errors.py:186: in __call__
    raise exc
..\.venv\Lib\site-packages\starlette\middleware\errors.py:164: in __call__
    await self.app(scope, receive, _send)
..\.venv\Lib\site-packages\starlette\middleware\base.py:191: in __call__
    with recv_stream, send_stream, collapse_excgroups():
                                   ^^^^^^^^^^^^^^^^^^^^
C:\Users\rhu\AppData\Local\Programs\Python\Python313\Lib\contextlib.py:162: in __exit__
    self.gen.throw(value)
..\.venv\Lib\site-packages\starlette\_utils.py:87: in collapse_excgroups
    raise exc
..\.venv\Lib\site-packages\starlette\middleware\base.py:193: in __call__
    response = await self.dispatch_func(request, call_next)
               ^^^^^^^^^^^^^^^^^^^^^^^^^^^^^^^^^^^^^^^^^^^^
tests\api\v1\test_sops_api.py:36: in patched_dispatch
    return await call_next(request)
           ^^^^^^^^^^^^^^^^^^^^^^^^
..\.venv\Lib\site-packages\starlette\middleware\base.py:168: in call_next
    raise app_exc from app_exc.__cause__ or app_exc.__context__
..\.venv\Lib\site-packages\starlette\middleware\base.py:144: in coro
    await self.app(scope, receive_or_disconnect, send_no_error)
..\.venv\Lib\site-packages\starlette\middleware\cors.py:88: in __call__
    await self.app(scope, receive, send)
..\.venv\Lib\site-packages\starlette\middleware\exceptions.py:63: in __call__
    await wrap_app_handling_exceptions(self.app, conn)(scope, receive, send)
..\.venv\Lib\site-packages\starlette\_exception_handler.py:53: in wrapped_app
    raise exc
..\.venv\Lib\site-packages\starlette\_exception_handler.py:42: in wrapped_app
    await app(scope, receive, sender)
..\.venv\Lib\site-packages\fastapi\middleware\asyncexitstack.py:18: in __call__
    await self.app(scope, receive, send)
..\.venv\Lib\site-packages\starlette\routing.py:660: in __call__
    await self.middleware_stack(scope, receive, send)
..\.venv\Lib\site-packages\starlette\routing.py:680: in app
    await route.handle(scope, receive, send)
..\.venv\Lib\site-packages\starlette\routing.py:276: in handle
    await self.app(scope, receive, send)
..\.venv\Lib\site-packages\fastapi\routing.py:134: in app
    await wrap_app_handling_exceptions(app, request)(scope, receive, send)
..\.venv\Lib\site-packages\starlette\_exception_handler.py:53: in wrapped_app
    raise exc
..\.venv\Lib\site-packages\starlette\_exception_handler.py:42: in wrapped_app
    await app(scope, receive, sender)
..\.venv\Lib\site-packages\fastapi\routing.py:120: in app
    response = await f(request)
               ^^^^^^^^^^^^^^^^
..\.venv\Lib\site-packages\fastapi\routing.py:674: in app
    raw_response = await run_endpoint_function(
..\.venv\Lib\site-packages\fastapi\routing.py:328: in run_endpoint_function
    return await dependant.call(**values)
           ^^^^^^^^^^^^^^^^^^^^^^^^^^^^^^
app\api\v1\sops.py:58: in get_sop
    sop.steps = list(steps_result.scalars().all())
    ^^^^^^^^^
..\.venv\Lib\site-packages\sqlalchemy\orm\attributes.py:540: in __set__
    self.impl.set(
..\.venv\Lib\site-packages\sqlalchemy\orm\attributes.py:1976: in set
    old = self.get(
..\.venv\Lib\site-packages\sqlalchemy\orm\attributes.py:1096: in get
    value = self._fire_loader_callables(state, key, passive)
            ^^^^^^^^^^^^^^^^^^^^^^^^^^^^^^^^^^^^^^^^^^^^^^^^
..\.venv\Lib\site-packages\sqlalchemy\orm\attributes.py:1131: in _fire_loader_callables
    return self.callable_(state, passive)
           ^^^^^^^^^^^^^^^^^^^^^^^^^^^^^^
..\.venv\Lib\site-packages\sqlalchemy\orm\strategies.py:978: in _load_for_state
    return self._emit_lazyload(
..\.venv\Lib\site-packages\sqlalchemy\orm\strategies.py:1141: in _emit_lazyload
    result = session.execute(
..\.venv\Lib\site-packages\sqlalchemy\orm\session.py:2351: in execute
    return self._execute_internal(
..\.venv\Lib\site-packages\sqlalchemy\orm\session.py:2249: in _execute_internal
    result: Result[Any] = compile_state_cls.orm_execute_statement(
..\.venv\Lib\site-packages\sqlalchemy\orm\context.py:306: in orm_execute_statement
    result = conn.execute(
..\.venv\Lib\site-packages\sqlalchemy\engine\base.py:1419: in execute
    return meth(
..\.venv\Lib\site-packages\sqlalchemy\sql\elements.py:527: in _execute_on_connection
    return connection._execute_clauseelement(
..\.venv\Lib\site-packages\sqlalchemy\engine\base.py:1641: in _execute_clauseelement
    ret = self._execute_context(
..\.venv\Lib\site-packages\sqlalchemy\engine\base.py:1846: in _execute_context
    return self._exec_single_context(
..\.venv\Lib\site-packages\sqlalchemy\engine\base.py:1986: in _exec_single_context
    self._handle_dbapi_exception(
..\.venv\Lib\site-packages\sqlalchemy\engine\base.py:2366: in _handle_dbapi_exception
    raise exc_info[1].with_traceback(exc_info[2])
..\.venv\Lib\site-packages\sqlalchemy\engine\base.py:1967: in _exec_single_context
    self.dialect.do_execute(
..\.venv\Lib\site-packages\sqlalchemy\engine\default.py:952: in do_execute
    cursor.execute(statement, parameters)
..\.venv\Lib\site-packages\sqlalchemy\dialects\sqlite\aiosqlite.py:182: in execute
    self._adapt_connection._handle_exception(error)
..\.venv\Lib\site-packages\sqlalchemy\dialects\sqlite\aiosqlite.py:342: in _handle_exception
    raise error
..\.venv\Lib\site-packages\sqlalchemy\dialects\sqlite\aiosqlite.py:159: in execute
    _cursor: AsyncIODBAPICursor = self.await_(self._connection.cursor())  # type: ignore[arg-type] # noqa: E501
                                  ^^^^^^^^^^^^^^^^^^^^^^^^^^^^^^^^^^^^^^
..\.venv\Lib\site-packages\sqlalchemy\util\_concurrency_py3k.py:123: in await_only
    raise exc.MissingGreenlet(
E   sqlalchemy.exc.MissingGreenlet: greenlet_spawn has not been called; can't call await_only() here. Was IO attempted in an unexpected place? (Background on this error at: https://sqlalche.me/e/20/xd2s)

During handling of the above exception, another exception occurred:
tests\api\v1\test_sops_api.py:656: in test_get_sop_with_real_db_triggers_missing_greenlet
    pytest.fail(
E   Failed: GET /api/v1/sops/6b973dbe-6294-4dcb-919c-e98c0165ed30 raised MissingGreenlet instead of returning HTTP 200.
E   Root cause ù sop.steps = list(...) in get_sop() triggers SQLAlchemy lazy-loading in an async context.
E   Exception: greenlet_spawn has not been called; can't call await_only() here. Was IO attempted in an unexpected place? (Background on this error at: https://sqlalche.me/e/20/xd2s)
============================== warnings summary ===============================
..\.venv\Lib\site-packages\opentelemetry\sdk\_logs\_internal\__init__.py:547
  C:\Users\rhu\source\personal\coding-workspace\Parthenon\.venv\Lib\site-packages\opentelemetry\sdk\_logs\_internal\__init__.py:547: DeprecationWarning: `LoggingHandler` in `opentelemetry-sdk` is deprecated. Use the handler from `opentelemetry-instrumentation-logging` instead.
    warnings.warn(

app\main.py:134
  C:\Users\rhu\source\personal\coding-workspace\Parthenon\backend\app\main.py:134: DeprecationWarning: 
          on_event is deprecated, use lifespan event handlers instead.
  
          Read more about it in the
          [FastAPI docs for Lifespan Events](https://fastapi.tiangolo.com/advanced/events/).
          
    @app.on_event("startup")

..\.venv\Lib\site-packages\fastapi\applications.py:4598
  C:\Users\rhu\source\personal\coding-workspace\Parthenon\.venv\Lib\site-packages\fastapi\applications.py:4598: DeprecationWarning: 
          on_event is deprecated, use lifespan event handlers instead.
  
          Read more about it in the
          [FastAPI docs for Lifespan Events](https://fastapi.tiangolo.com/advanced/events/).
          
    return self.router.on_event(event_type)  # ty: ignore[deprecated]

-- Docs: https://docs.pytest.org/en/stable/how-to/capture-warnings.html
=========================== short test summary info ===========================
FAILED tests/api/v1/test_sops_api.py::test_get_sop_with_real_db_triggers_missing_greenlet
======================== 1 failed, 3 warnings in 2.57s ========================
